<!DOCTYPE html PUBLIC "-//W3C//DTD XHTML 1.0 Strict//EN" "http://www.w3.org/TR/xhtml1/DTD/xhtml1-strict.dtd">
<html xmlns="http://www.w3.org/1999/xhtml">
<head>
<meta http-equiv="Content-Type" content="text/html; charset=utf-8">
<title>StyleInliner test</title>
<style type="text/css">
		p{
			color: red;
		}
	</style>
</head>
<body style="width:100% !important;-webkit-text-size-adjust:100%;-ms-text-size-adjust:100%;margin:0;padding:0">
	<p style="margin:1em 0">this is a test</p>
	<ul>
<li>test</li>
	</ul>
</body>
</html>
